File "arity-error.mly", line 9, characters 9-10:
Error: does this symbol expect 1 or 2 arguments?
