File "bad-arity.mly", line 5, characters 3-4:
Error: does this symbol expect 1 or 2 arguments?
