File "constant-arity-in-multiple-def-2.mly", line 2, characters 8-9:
File "constant-arity-in-multiple-def-1.mly", line 6, characters 8-9:
Error: symbol b is defined with arities 2 and 1.
