File "declaration-error.mly", line 1, characters 0-20:
Syntax error in a %token declaration.
Here are sample valid declarations:
  %token DOT SEMICOLON
  %token <string> LID UID
File "declaration-error.mly", line 3, characters 10-11:
Syntax error inside a declaration.
Did you perhaps forget the %% that separates declarations and rules?
