File "inline-cycle-complex.mly", line 9, characters 8-9:
Error: there is a cycle in the definition of d.
