File "location-keyword-errors.mly", line 8, characters 6-18:
Error: z refers to a nonexistent symbol.
