File "multiple-type-definition-modules-2.mly", line 1, characters 12-13:
Error: There are multiple %type definitions for nonterminal a.
