File "multiple-type-definition.mly", line 2, characters 12-13:
Error: There are multiple %type definitions for nonterminal a.
