File "multiple-token.mly", line 2, characters 7-10:
Error: the token FOO has multiple definitions.
