File "no-prec-and-inline.mly", line 7, characters 17-20:
Error: use of %prec is forbidden in an %inlined nonterminal definition.
