File "not-well-founded-rec.mly", line 7, characters 7-8:
Error: Mutually recursive definitions must have the same parameters.
This is not the case for b.
