File "ocaml-keyword.mly", line 1, characters 18-28:
Error: this is an Objective Caml reserved word.
