File "resync-on-action-prec.mly", line 4, characters 9-10:
Syntax error inside a production.
File "resync-on-action-prec.mly", line 5, characters 9-10:
Syntax error inside a production.
