%start def
%token ID
%token COMMA
%token COLON

%type <unit> def
%%

def:
| param_spec return_spec COMMA
    { () }

param_spec:
| typ
    { () }
| separated_nonempty_list_COMMA_name_ COLON typ
    { () }

return_spec:
| typ
    { () }
| name COLON typ
    { () }

typ:
| ID
    { () }

name:
| ID
    { () }

separated_nonempty_list_COMMA_name_:
| x = name
    { [ x ] }
| x = name COMMA xs = separated_nonempty_list_COMMA_name_
    { x :: xs }

%%



