Warning: you are using the standard library and/or the %inline keyword. We
recommend switching on --infer in order to avoid obscure type error messages.
%start a
%token <int> T

%type <int> a
%%

a:
| x = c x0 = c
    {let y =
  let x = x0 in
  ( x )
in
 x + y }

c:
| x = T
    { x }

%%



