%start s
%token F
%token D
%token C
%token B
%token A

%type <unit> s
%%

s:
| A e C
    {}
| A f D
    {}
| B e D
    {}
| B f C
    {}

e:
| F
    {}

f:
| F
    {}

%%



