%start a
%token A

%type <int> a
%%

a:
| b_A_
    {}

b_A_:
| c_A_ d
    {}

d:
| A
    {}

c_A_:
| A
    {}

%%



