%start s
%token R
%token L
%token D
%token C
%token B
%token A
%nonassoc B 
%nonassoc A 
%type <unit> s
%%

s:
| L l
    { () }
| R r
    { () }

l:
| a C
    { () }
| b B
    { () }

r:
| a C
    { () }
| b D
    { () }

a:
| A B
    { () }

b:
| A
    { () }

%%



