%start main
%token FOO
%token BAR

%type <unit> main
%%

main:
| f = FOO b = BAR
    { () }

%%



