File "unused-token1.mly", line 1, characters 7-8:
Warning: the token A is unused.
File "unused-token1.mly", line 1, characters 9-10:
Warning: the token B is unused.
%start a
%token B
%token A

%type <int> a
%%

a:
| 
    {}

%%



