%start main
%token <int> INT
%token EOF
%token PLUS
%token TIMES
%left PLUS 
%left TIMES 
%type <int> main
%%

expression:
| i = INT
    { i }
| e = expression o = op f = expression
    { o e f }

op:
| PLUS
    { ( + ) }
| TIMES
    { ( * ) }

main:
| e = expression EOF
    { e }

%%



