%start exp
%token TIMES
%token TENSOR
%token RPAREN
%token PLUS
%token MATRIX
%token LPAREN
%token INT

%type <int> exp
%%

exp:
| term
    {}

fa1:
| LPAREN exp RPAREN
    {}
| INT
    {}

fa4:
| MATRIX
    {}
| LPAREN exp RPAREN
    {}

product:
| product TIMES fa1
    {}
| fa1
    {}

tensorproduct:
| tensorproduct TENSOR fa4
    {}
| fa4
    {}

term:
| term PLUS product
    {}
| term PLUS tensorproduct
    {}
| product
    {}
| term PLUS tensorproduct
    {}

%%



